
     Program POST-PROC v.7.2 starts on 25Mar2026 at 22:51:27 

     This program is part of the open-source Quantum ESPRESSO suite
     for quantum simulation of materials; please cite
         "P. Giannozzi et al., J. Phys.:Condens. Matter 21 395502 (2009);
         "P. Giannozzi et al., J. Phys.:Condens. Matter 29 465901 (2017);
         "P. Giannozzi et al., J. Chem. Phys. 152 154105 (2020);
          URL http://www.quantum-espresso.org", 
     in publications or presentations arising from this work. More details at
     http://www.quantum-espresso.org/quote

     Parallel version (MPI), running on     1 processors

     MPI processes distributed on     1 nodes
     893 MiB available memory on the printing compute node when the environment starts


     Reading xml data from directory:

     ./tmp/Ge.save/

     IMPORTANT: XC functional enforced from input :
     Exchange-correlation= PZ
                           (   1   1   0   0   0   0   0)
     Any further DFT definition will be discarded
     Please, verify this is what you really want


     G-vector sticks info
     --------------------
     sticks:   dense  smooth     PW     G-vecs:    dense   smooth      PW
     Sum         955     955    295                19339    19339    3287

     Using Slab Decomposition


     Calling punch_plot, plot_num =   0
     Writing data to file  Ge_rho
     Reading data from file  Ge_rho

     Writing data to be plotted to file Ge_rho.xsf
     Plot Type: 3D                     Output format: XCrySDen     

     POST-PROC    :      0.59s CPU      0.66s WALL


   This run was terminated on:  22:51:28  25Mar2026            

=------------------------------------------------------------------------------=
   JOB DONE.
=------------------------------------------------------------------------------=
Note: The following floating-point exceptions are signalling: IEEE_UNDERFLOW_FLAG
